// Jest Snapshot v1, https://goo.gl/fbAQLP

exports[`SearchBar Should render the default snapshort view 1`] = `
<div
  class="search-bar"
  data-testid="search-bar"
>
  <div
    class="MuiFormControl-root MuiTextField-root search-bar__text"
  >
    <label
      class="MuiFormLabel-root MuiInputLabel-root MuiInputLabel-formControl MuiInputLabel-animated MuiInputLabel-filled"
      data-shrink="false"
    >
      Type a keyword
    </label>
    <div
      class="MuiInputBase-root MuiFilledInput-root MuiFilledInput-underline MuiInputBase-formControl"
    >
      <input
        aria-invalid="false"
        class="MuiInputBase-input MuiFilledInput-input"
        data-testid="search-field"
        type="text"
        value=""
      />
    </div>
  </div>
  <div
    class="search-bar__button"
  >
    <button
      class="MuiButtonBase-root MuiButton-root MuiButton-contained MuiButton-containedPrimary"
      data-testid="search-button"
      tabindex="0"
      type="button"
    >
      <span
        class="MuiButton-label"
      >
        Search
      </span>
      <span
        class="MuiTouchRipple-root"
      />
    </button>
  </div>
</div>
`;
